Placeholder (This file shall be empty)
